-- b/b.go --
package b

import (
	"time"

	"github.com/oklog/ulid/v2"
)

func Print() string {
	return ulid.MustNew(uint64(time.Now().UnixNano()), nil).String()
}
-- go.mod --
module github.com/k1LoW/tmpmod/fs/testdata/a

go 1.22.2

require github.com/oklog/ulid/v2 v2.1.0
-- go.sum --
github.com/oklog/ulid/v2 v2.1.0 h1:+9lhoxAP56we25tyYETBBY1YLA2SaoLvUFgrP2miPJU=
github.com/oklog/ulid/v2 v2.1.0/go.mod h1:rcEKHmBBKfef9DhnvX7y1HZBYxjXb0cP5ExxNsTT1QQ=
github.com/pborman/getopt v0.0.0-20170112200414-7148bc3a4c30/go.mod h1:85jBQOZwpVEaDAr341tbn15RS4fCAsIst0qp7i8ex1o=
-- main.go --
package a

import (
	"github.com/my/a/b"
)

func Print() string {
	return b.Print()
}
